+ echo environment
environment
+ python --version
Python 3.11.5
+ conda --version
conda 23.9.0
+ echo 

+ echo raw reads quality programs
raw reads quality programs
+ confindr --version
/root/sequencing/tools/install/versions.sh: 10: confindr: not found
+ /root/sequencing/trimgalore/TrimGalore-0.6.10/trim_galore --version

                        Quality-/Adapter-/RRBS-/Speciality-Trimming
                                [powered by Cutadapt]
                                  version 0.6.10

                               Last update: 02 02 2023

+ cutadapt --version
3.5
+ fastqc --version
FastQC v0.11.9
+ echo 

+ echo assembly
assembly
+ python /root/sequencing/spades/SPAdes-3.15.4/bin/spades.py --version
SPAdes genome assembler v3.15.4
+ spades.py --version
SPAdes genome assembler v3.15.4
+ unicycler --version
Unicycler v0.5.0
+ seqkit version
seqkit v2.1.0
+ echo 

+ echo post assembly tools
post assembly tools
+ quast --version
/root/sequencing/tools/install/versions.sh: 24: quast: not found
+ multiqc --version
Traceback (most recent call last):
  File "/root/miniconda3/envs/dire/bin/multiqc", line 6, in <module>
    from multiqc.__main__ import run_multiqc
  File "/root/miniconda3/envs/dire/lib/python3.11/site-packages/multiqc/__init__.py", line 16, in <module>
    from .multiqc import run
  File "/root/miniconda3/envs/dire/lib/python3.11/site-packages/multiqc/multiqc.py", line 25, in <module>
    import rich_click as click
  File "/root/miniconda3/envs/dire/lib/python3.11/site-packages/rich_click/__init__.py", line 73, in <module>
    from . import rich_click as rich_click
  File "/root/miniconda3/envs/dire/lib/python3.11/site-packages/rich_click/rich_click.py", line 24, in <module>
    from typing_extensions import Literal
ModuleNotFoundError: No module named 'typing_extensions'
+ checkm+ head
 -n 3

                ...::: CheckM v1.2.2 :::...

+ amrfinder --version
3.11.26
