+ echo environment
environment
+ python --version
Python 3.11.5
+ conda --version
conda 23.11.0
+ echo 

+ echo raw reads quality programs
raw reads quality programs
+ confindr --version
versions.sh: 10: confindr: not found
+ /root/sequencing/trimgalore/TrimGalore-0.6.10/trim_galore --version

                        Quality-/Adapter-/RRBS-/Speciality-Trimming
                                [powered by Cutadapt]
                                  version 0.6.10

                               Last update: 02 02 2023

+ cutadapt --version
3.5
+ fastqc --version
versions.sh: 13: fastqc: not found
+ echo 

+ echo assembly
assembly
+ python /root/sequencing/spades/SPAdes-3.15.4/bin/spades.py --version
SPAdes genome assembler v3.15.4
+ spades.py --version
SPAdes genome assembler v3.15.4
+ unicycler --version
Unicycler v0.5.0
+ seqkit version
seqkit v2.6.1
+ echo 

+ echo post assembly tools
post assembly tools
+ quast --version
versions.sh: 24: quast: not found
+ multiqc --version
versions.sh: 25: multiqc: not found
+ + checkmhead
 -n 3
versions.sh: 26: checkm: not found
+ amrfinder --version
3.11.26
